
D:\PostgreSQL\10\bin>psql -U postgres
Password for user postgres:
psql (10.8)
WARNING: Console code page (437) differs from Windows code page (1252)
         8-bit characters might not work correctly. See psql reference
         page "Notes for Windows users" for details.
Type "help" for help.

postgres=# \l
                                                 List of databases
   Name    |  Owner   | Encoding |          Collate           |           Ctype            |   Access privileges
-----------+----------+----------+----------------------------+----------------------------+-----------------------
 postgres  | postgres | UTF8     | English_United States.1252 | English_United States.1252 |
 template0 | postgres | UTF8     | English_United States.1252 | English_United States.1252 | =c/postgres          +
           |          |          |                            |                            | postgres=CTc/postgres
 template1 | postgres | UTF8     | English_United States.1252 | English_United States.1252 | =c/postgres          +
           |          |          |                            |                            | postgres=CTc/postgres
(3 rows)


postgres=# \c postgres
WARNING: Console code page (437) differs from Windows code page (1252)
         8-bit characters might not work correctly. See psql reference
         page "Notes for Windows users" for details.
You are now connected to database "postgres" as user "postgres".
postgres=# \dt
Did not find any relations.
postgres=# CREATE DATABASE acme;
CREATE DATABASE
postgres=# \l
                                                 List of databases
   Name    |  Owner   | Encoding |          Collate           |           Ctype            |   Access privileges
-----------+----------+----------+----------------------------+----------------------------+-----------------------
 acme      | postgres | UTF8     | English_United States.1252 | English_United States.1252 |
 postgres  | postgres | UTF8     | English_United States.1252 | English_United States.1252 |
 template0 | postgres | UTF8     | English_United States.1252 | English_United States.1252 | =c/postgres          +
           |          |          |                            |                            | postgres=CTc/postgres
 template1 | postgres | UTF8     | English_United States.1252 | English_United States.1252 | =c/postgres          +
           |          |          |                            |                            | postgres=CTc/postgres
(4 rows)


postgres=# SELECT * FROM pg_user
postgres-# SELECT * FROM pg_user;
ERROR:  syntax error at or near "SELECT"
LINE 2: SELECT * FROM pg_user;
        ^
postgres=# SELECT * FROM pg_user;
 usename  | usesysid | usecreatedb | usesuper | userepl | usebypassrls |  passwd  | valuntil | useconfig
----------+----------+-------------+----------+---------+--------------+----------+----------+-----------
 postgres |       10 | t           | t        | t       | t            | ******** |          |
(1 row)


postgres=# CREATE USER devuser WITH PASSWORD '123456';
CREATE ROLE
postgres=# SELECT * FROM pg_user;
 usename  | usesysid | usecreatedb | usesuper | userepl | usebypassrls |  passwd  | valuntil | useconfig
----------+----------+-------------+----------+---------+--------------+----------+----------+-----------
 postgres |       10 | t           | t        | t       | t            | ******** |          |
 devuser  |    16397 | f           | f        | f       | f            | ******** |          |
(2 rows)


postgres=# ALTER USER devuser WITH SUPERUSER;
ALTER ROLE
postgres=# SELECT * FROM pg_user;
 usename  | usesysid | usecreatedb | usesuper | userepl | usebypassrls |  passwd  | valuntil | useconfig
----------+----------+-------------+----------+---------+--------------+----------+----------+-----------
 postgres |       10 | t           | t        | t       | t            | ******** |          |
 devuser  |    16397 | f           | t        | f       | f            | ******** |          |
(2 rows)


postgres=# GRANT ALL ON database acme TO devuser;
GRANT
postgres=# \q

D:\PostgreSQL\10\bin>psql -U devuser
Password for user devuser:
psql: FATAL:  database "devuser" does not exist

D:\PostgreSQL\10\bin>psql -U devuser acme
Password for user devuser:
psql (10.8)
WARNING: Console code page (437) differs from Windows code page (1252)
         8-bit characters might not work correctly. See psql reference
         page "Notes for Windows users" for details.
Type "help" for help.

acme=# \q

D:\PostgreSQL\10\bin>psql -U devuser acme
Password for user devuser:
psql (10.8)
WARNING: Console code page (437) differs from Windows code page (1252)
         8-bit characters might not work correctly. See psql reference
         page "Notes for Windows users" for details.
Type "help" for help.

acme=# CREATE TABLE articles(id SERIAL PRIMARY KEY, title VARCHAR(255), body TEXT);
CREATE TABLE
acme=# \DT
Invalid command \DT. Try \? for help.
acme=# \dt
          List of relations
 Schema |   Name   | Type  |  Owner
--------+----------+-------+---------
 public | articles | table | devuser
(1 row)


acme=# INSERT INTO articles(title, body) VALUES('Article One', 'This is the body for article one');
INSERT 0 1
acme=# select * from articles;
 id |    title    |               body
----+-------------+----------------------------------
  1 | Article One | This is the body for article one
(1 row)


acme=# INSERT INTO articles(title, body) VALUES('Article Two', 'This is the body for article twp');
INSERT 0 1
acme=# select * from articles;
 id |    title    |               body
----+-------------+----------------------------------
  1 | Article One | This is the body for article one
  2 | Article Two | This is the body for article twp
(2 rows)


acme=# alter table articles add column category_id int;
ALTER TABLE
acme=# update articles set category_id = 1 where id=1;
UPDATE 1
acme=# update articles set category_id = 1 where id=2;
UPDATE 1
acme=# select * from articles;
 id |    title    |               body               | category_id
----+-------------+----------------------------------+-------------
  1 | Article One | This is the body for article one |           1
  2 | Article Two | This is the body for article twp |           1
(2 rows)


acme=# INSERT INTO articles(title, body) VALUES('Article Three', 'This is the body for article three');
INSERT 0 1
acme=# update articles set category_id = 2 where id=3;
UPDATE 1
acme=# select * from articles;
 id |     title     |                body                | category_id
----+---------------+------------------------------------+-------------
  1 | Article One   | This is the body for article one   |           1
  2 | Article Two   | This is the body for article twp   |           1
  3 | Article Three | This is the body for article three |           2
(3 rows)


acme=# alter table articles ADD CONSTRAINT catfk FOREIGN KEY(category_id) REFERENCES categories(id);
ERROR:  relation "categories" does not exist
acme=# create table categories(id SERIAL PRIMARY KEY, name VARCHAR(255));
CREATE TABLE
acme=# INSERT INTO categories(name) VALUES('Business'),('Technology'),('Style')
acme-# select * from categories
acme-#
acme-# ;
ERROR:  syntax error at or near "select"
LINE 2: select * from categories
        ^
acme=# INSERT INTO categories(name) VALUES('Business'),('Technology'),('Style');
INSERT 0 3
acme=# select * from categories
acme-# ;
 id |    name
----+------------
  1 | Business
  2 | Technology
  3 | Style
(3 rows)


acme=# alter table articles ADD CONSTRAINT catfk FOREIGN KEY(category_id) REFERENCES categories(id);
ALTER TABLE
acme=# \q
